2026-01-29 16:30:12.115 15154-15154 Capacitor/Console       com.bongkru.app                      I  File: https://localhost/assets/index-DTlRncLp.js - Line 2 - Msg: [SocialLogin] 네이버 로그인 버튼 클릭
2026-01-29 16:30:12.116 15154-15154 Capacitor/Console       com.bongkru.app                      I  File: https://localhost/assets/index-DlhBSCFt.js - Line 11 - Msg: [NaverOAuth] naverAuthorize called, isCapacitor: true
2026-01-29 16:30:12.118 15154-15154 Capacitor/Console       com.bongkru.app                      I  File: https://localhost/assets/index-DlhBSCFt.js - Line 11 - Msg: [OAuth] === Starting OAuth with InAppBrowser ===
2026-01-29 16:30:12.118 15154-15154 Capacitor/Console       com.bongkru.app                      I  File: https://localhost/assets/index-DlhBSCFt.js - Line 11 - Msg: [OAuth] provider: naver
2026-01-29 16:30:12.119 15154-15154 Capacitor/Console       com.bongkru.app                      I  File: https://localhost/assets/index-DlhBSCFt.js - Line 11 - Msg: [OAuth] authUrl: https://bongseonjang--tkfkdgowjdakfas.replit.app/api/auth/start/naver?platform=app
2026-01-29 16:30:12.122 15154-15154 Capacitor/Plugin        com.bongkru.app                      V  To native (Capacitor plugin): callbackId: 16668434, pluginId: InAppBrowser, methodName: addListener
2026-01-29 16:30:12.122 15154-15154 Capacitor               com.bongkru.app                      V  callback: 16668434, pluginId: InAppBrowser, methodName: addListener, methodData: {"eventName":"urlChangeEvent"}
2026-01-29 16:30:12.122 15154-15154 Capacitor/Plugin        com.bongkru.app                      V  To native (Capacitor plugin): callbackId: 16668435, pluginId: InAppBrowser, methodName: addListener
2026-01-29 16:30:12.123 15154-15154 Capacitor               com.bongkru.app                      V  callback: 16668435, pluginId: InAppBrowser, methodName: addListener, methodData: {"eventName":"closeEvent"}
2026-01-29 16:30:12.124 15154-15154 Capacitor/Plugin        com.bongkru.app                      V  To native (Capacitor plugin): callbackId: 16668436, pluginId: InAppBrowser, methodName: openWebView
2026-01-29 16:30:12.124 15154-15154 Capacitor               com.bongkru.app                      V  callback: 16668436, pluginId: InAppBrowser, methodName: openWebView, methodData: {"url":"https:\/\/bongseonjang--tkfkdgowjdakfas.replit.app\/api\/auth\/start\/naver?platform=app"}
2026-01-29 16:30:12.128 15154-15213 InAppBrowserPlugin      com.bongkru.app                      D  No authorized app links provided.
2026-01-29 16:30:12.129 15154-15213 InAppBrowserPlugin      com.bongkru.app                      D  No blocked hosts provided.
2026-01-29 16:30:12.249 15154-15154 Capacitor/Console       com.bongkru.app                      I  File:  - Line 333 - Msg: undefined
2026-01-29 16:30:12.250 15154-15154 Capacitor/Console       com.bongkru.app                      I  File: https://localhost/assets/index-DlhBSCFt.js - Line 11 - Msg: [OAuth] InAppBrowser opened
2026-01-29 16:30:12.250 15154-15154 Capacitor/Console       com.bongkru.app                      I  File:  - Line 333 - Msg: undefined
2026-01-29 16:30:12.260 15154-15154 WindowOnBackDispatcher  com.bongkru.app                      D  setTopOnBackInvokedCallback (unwrapped): android.view.ViewRootImpl$$ExternalSyntheticLambda12@5824eea
2026-01-29 16:30:12.504 15154-15154 InAppBrowser            com.bongkru.app                      D  shouldOverrideUrlLoading: https://nid.naver.com/oauth2.0/authorize?client_id=3gieVh251O79fUraIJhx&redirect_uri=https%3A%2F%2Fbongseonjang--tkfkdgowjdakfas.replit.app%2Fapi%2Fauth%2Foauth%2Fnaver%2Fcallback&response_type=code&state=d05663a75d1019cdbf24a8695f8a1ba0
2026-01-29 16:30:12.504 15154-15154 InAppBrowser            com.bongkru.app                      D  authorizedLinks: []
2026-01-29 16:30:12.505 15154-15154 InAppBrowser            com.bongkru.app                      D  urlAuthorized: false
2026-01-29 16:30:12.518 15154-15154 InAppBrowser            com.bongkru.app                      D  JavaScript interface injected early after URL load
2026-01-29 16:30:12.596 15154-15154 InsetsController        com.bongkru.app                      D  hide(ime())
2026-01-29 16:30:12.596 15154-15154 ImeTracker              com.bongkru.app                      I  com.bongkru.app:88b97676: onCancelled at PHASE_CLIENT_ALREADY_HIDDEN
2026-01-29 16:30:12.665 15154-15154 Capacitor/...wserPlugin com.bongkru.app                      V  Notifying listeners for event urlChangeEvent
2026-01-29 16:30:12.670 15154-15154 Capacitor/Console       com.bongkru.app                      I  File: https://localhost/assets/index-DlhBSCFt.js - Line 11 - Msg: [OAuth] URL changed: https://nid.naver.com/oauth2.0/authorize?client_id=3gieVh251O79fUraIJhx&redirect_uri=https%3A%2F%2Fbongseonjang--tkfkdgowjdakfas.replit.app%2Fapi%2Fauth%2Foauth%2Fnaver%2Fcallback&response_type=code&state=d05663a75d1019cdbf24a8695f8a1ba0
2026-01-29 16:30:12.931 15154-15154 chromium                com.bongkru.app                      I  [INFO:CONSOLE(1)] "setPolicyInfo [object Object]", source: https://ssl.pstatic.net/tveta/libs/glad/prod/gfp-core.js (1)
2026-01-29 16:30:12.931 15154-15154 chromium                com.bongkru.app                      I  [INFO:CONSOLE(1)] "true", source: https://ssl.pstatic.net/tveta/libs/glad/prod/gfp-core.js (1)
2026-01-29 16:30:13.213 15154-15160 com.bongkru.app         com.bongkru.app                      W  userfaultfd: MOVE ioctl seems unsupported: Connection timed out
2026-01-29 16:30:13.222 15154-15160 com.bongkru.app         com.bongkru.app                      I  Background concurrent mark compact GC freed 9230KB AllocSpace bytes, 34(1496KB) LOS objects, 49% free, 4779KB/9558KB, paused 2.166ms,3.380ms total 180.891ms
2026-01-29 16:30:13.308 15154-15154 Capacitor/...wserPlugin com.bongkru.app                      V  Notifying listeners for event browserPageLoaded
2026-01-29 16:30:13.309 15154-15154 Capacitor/...wserPlugin com.bongkru.app                      D  No listeners found for event browserPageLoaded
2026-01-29 16:30:13.486 15154-15214 GFXSTREAM               com.bongkru.app                      E  [GLClientState.cpp(298)] set vao to self, no-op (1)
2026-01-29 16:30:13.566 15154-15214 GFXSTREAM               com.bongkru.app                      E  [GLClientState.cpp(298)] set vao to self, no-op (1)
2026-01-29 16:30:13.684 15154-15214 GFXSTREAM               com.bongkru.app                      E  [GLClientState.cpp(298)] set vao to self, no-op (1)
2026-01-29 16:30:13.732 15154-15214 GFXSTREAM               com.bongkru.app                      E  [GLClientState.cpp(298)] set vao to self, no-op (1)
2026-01-29 16:30:13.787 15154-15154 AutofillManager         com.bongkru.app                      I  showAutofillDialog() return false due to improve fill dialog
2026-01-29 16:30:13.825 15154-15154 ImeTracker              com.bongkru.app                      I  com.bongkru.app:2c5a0aaf: onRequestShow at ORIGIN_CLIENT reason SHOW_SOFT_INPUT fromUser false
2026-01-29 16:30:13.828 15154-15154 InsetsController        com.bongkru.app                      D  show(ime())
2026-01-29 16:30:13.829 15154-15154 InsetsController        com.bongkru.app                      D  Setting requestedVisibleTypes to 511 (was 503)
2026-01-29 16:30:13.848 15154-15154 AssistStructure         com.bongkru.app                      I  Flattened final assist data: 4636 bytes, containing 2 windows, 15 views
2026-01-29 16:30:13.956 15154-15214 GFXSTREAM               com.bongkru.app                      E  [GLClientState.cpp(298)] set vao to self, no-op (1)
2026-01-29 16:30:14.031 15154-15214 GFXSTREAM               com.bongkru.app                      E  [GLClientState.cpp(298)] set vao to self, no-op (1)
2026-01-29 16:30:14.117 15154-15214 GFXSTREAM               com.bongkru.app                      E  [GLClientState.cpp(298)] set vao to self, no-op (1)
2026-01-29 16:30:14.167 15154-15214 GFXSTREAM               com.bongkru.app                      E  [GLClientState.cpp(298)] set vao to self, no-op (1)
2026-01-29 16:30:14.209 15154-15154 chromium                com.bongkru.app                      I  [INFO:CONSOLE(2)] "Error", source: https://wtm.pstatic.net/bcf13cb/74ded82ea2fa78fbbad0.js (2)
2026-01-29 16:30:14.436 15154-15154 WindowOnBackDispatcher  com.bongkru.app                      D  setTopOnBackInvokedCallback (unwrapped): android.view.ImeBackAnimationController@c72be86
2026-01-29 16:30:14.718 15154-15311 InteractionJankMonitor  com.bongkru.app                      W  Initializing without READ_DEVICE_CONFIG permission. enabled=false, interval=1, missedFrameThreshold=3, frameTimeThreshold=64, package=com.bongkru.app
2026-01-29 16:30:14.929 15154-15154 ImeTracker              com.bongkru.app                      I  com.bongkru.app:2c5a0aaf: onShown
2026-01-29 16:30:17.324 15154-15154 ImeTracker              com.bongkru.app                      I  com.bongkru.app:376276ac: onRequestHide at ORIGIN_CLIENT reason HIDE_SOFT_INPUT_REQUEST_HIDE_WITH_CONTROL fromUser true
2026-01-29 16:30:17.325 15154-15154 InsetsController        com.bongkru.app                      D  hide(ime())
2026-01-29 16:30:17.325 15154-15154 WindowOnBackDispatcher  com.bongkru.app                      D  setTopOnBackInvokedCallback (unwrapped): android.view.ViewRootImpl$$ExternalSyntheticLambda12@5824eea
2026-01-29 16:30:17.325 15154-15154 InsetsController        com.bongkru.app                      D  Setting requestedVisibleTypes to 503 (was 511)
2026-01-29 16:30:17.362 15154-15154 ImeTracker              com.bongkru.app                      I  system_server:f5956be7: onCancelled at PHASE_CLIENT_ON_CONTROLS_CHANGED
2026-01-29 16:30:17.855 15154-15154 InsetsController        com.bongkru.app                      D  show(ime())
2026-01-29 16:30:17.856 15154-15154 InsetsController        com.bongkru.app                      D  Setting requestedVisibleTypes to 511 (was 503)
2026-01-29 16:30:17.858 15154-15154 InsetsController        com.bongkru.app                      D  show(ime())
2026-01-29 16:30:17.858 15154-15154 ImeTracker              com.bongkru.app                      I  com.google.android.inputmethod.latin:30b6bb12: onCancelled at PHASE_CLIENT_APPLY_ANIMATION
2026-01-29 16:30:17.896 15154-15154 ImeTracker              com.bongkru.app                      I  com.google.android.inputmethod.latin:30b6bb12: onCancelled at PHASE_CLIENT_ON_CONTROLS_CHANGED
2026-01-29 16:30:17.941 15154-15154 WindowOnBackDispatcher  com.bongkru.app                      D  setTopOnBackInvokedCallback (unwrapped): android.view.ImeBackAnimationController@c72be86
2026-01-29 16:30:17.981 15154-15154 ImeTracker              com.bongkru.app                      I  com.bongkru.app:85f3750d: onRequestShow at ORIGIN_CLIENT reason SHOW_SOFT_INPUT fromUser false
2026-01-29 16:30:17.982 15154-15154 InsetsController        com.bongkru.app                      D  show(ime())
2026-01-29 16:30:17.982 15154-15154 ImeTracker              com.bongkru.app                      I  com.bongkru.app:85f3750d: onCancelled at PHASE_CLIENT_APPLY_ANIMATION
2026-01-29 16:30:17.988 15154-15154 AssistStructure         com.bongkru.app                      I  Flattened final assist data: 4644 bytes, containing 2 windows, 15 views
2026-01-29 16:30:18.078 15154-15154 ImeTracker              com.bongkru.app                      I  com.google.android.inputmethod.latin:30b6bb12: onShown
2026-01-29 16:30:22.702 15154-15154 ImeTracker              com.bongkru.app                      I  com.bongkru.app:fca1d2d2: onRequestHide at ORIGIN_CLIENT reason HIDE_SOFT_INPUT fromUser false
2026-01-29 16:30:22.703 15154-15154 InsetsController        com.bongkru.app                      D  hide(ime())
2026-01-29 16:30:22.704 15154-15154 WindowOnBackDispatcher  com.bongkru.app                      D  setTopOnBackInvokedCallback (unwrapped): android.view.ViewRootImpl$$ExternalSyntheticLambda12@5824eea
2026-01-29 16:30:22.704 15154-15154 InsetsController        com.bongkru.app                      D  Setting requestedVisibleTypes to 503 (was 511)
2026-01-29 16:30:22.766 15154-15154 ImeTracker              com.bongkru.app                      I  system_server:26184b78: onCancelled at PHASE_CLIENT_ON_CONTROLS_CHANGED
2026-01-29 16:30:23.028 15154-15286 cr_PlatformSensor       com.bongkru.app                      W  Should not get sensor events after PlatformSensorAndroid is destroyed.
2026-01-29 16:30:23.028 15154-15286 cr_PlatformSensor       com.bongkru.app                      W  Should not get sensor events after PlatformSensorAndroid is destroyed.
2026-01-29 16:30:23.029 15154-15286 cr_PlatformSensor       com.bongkru.app                      W  Should not get sensor events after PlatformSensorAndroid is destroyed.
2026-01-29 16:30:23.064 15154-15154 Capacitor/...wserPlugin com.bongkru.app                      V  Notifying listeners for event urlChangeEvent
2026-01-29 16:30:23.070 15154-15154 Capacitor/Console       com.bongkru.app                      I  File: https://localhost/assets/index-DlhBSCFt.js - Line 11 - Msg: [OAuth] URL changed: https://nid.naver.com/nidlogin.login
2026-01-29 16:30:23.602 15154-15154 Capacitor/...wserPlugin com.bongkru.app                      V  Notifying listeners for event browserPageLoaded
2026-01-29 16:30:23.602 15154-15154 Capacitor/...wserPlugin com.bongkru.app                      D  No listeners found for event browserPageLoaded
2026-01-29 16:30:23.658 15154-15214 GFXSTREAM               com.bongkru.app                      E  [GLClientState.cpp(298)] set vao to self, no-op (1)
2026-01-29 16:30:23.692 15154-15214 GFXSTREAM               com.bongkru.app                      E  [GLClientState.cpp(298)] set vao to self, no-op (1)
2026-01-29 16:30:23.746 15154-15214 GFXSTREAM               com.bongkru.app                      E  [GLClientState.cpp(298)] set vao to self, no-op (1)
2026-01-29 16:30:23.777 15154-15214 GFXSTREAM               com.bongkru.app                      E  [GLClientState.cpp(298)] set vao to self, no-op (1)
2026-01-29 16:30:23.834 15154-15214 GFXSTREAM               com.bongkru.app                      E  [GLClientState.cpp(298)] set vao to self, no-op (1)
2026-01-29 16:30:23.866 15154-15214 GFXSTREAM               com.bongkru.app                      E  [GLClientState.cpp(298)] set vao to self, no-op (1)
2026-01-29 16:30:23.947 15154-15214 GFXSTREAM               com.bongkru.app                      E  [GLClientState.cpp(298)] set vao to self, no-op (1)
2026-01-29 16:30:23.991 15154-15214 GFXSTREAM               com.bongkru.app                      E  [GLClientState.cpp(298)] set vao to self, no-op (1)
2026-01-29 16:30:24.021 15154-15154 chromium                com.bongkru.app                      I  [INFO:CONSOLE(2)] "Error", source: https://wtm.pstatic.net/bcf13cb/74ded82ea2fa78fbbad0.js (2)
2026-01-29 16:30:24.754 15154-15154 AutofillManager         com.bongkru.app                      I  showAutofillDialog() return false due to improve fill dialog
2026-01-29 16:30:24.760 15154-15154 ImeTracker              com.bongkru.app                      I  com.bongkru.app:e0329b2: onRequestShow at ORIGIN_CLIENT reason SHOW_SOFT_INPUT fromUser false
2026-01-29 16:30:24.760 15154-15154 InsetsController        com.bongkru.app                      D  show(ime())
2026-01-29 16:30:24.760 15154-15154 InsetsController        com.bongkru.app                      D  Setting requestedVisibleTypes to 511 (was 503)
2026-01-29 16:30:24.768 15154-15154 AssistStructure         com.bongkru.app                      I  Flattened final assist data: 6412 bytes, containing 2 windows, 17 views
2026-01-29 16:30:24.823 15154-15154 WindowOnBackDispatcher  com.bongkru.app                      D  setTopOnBackInvokedCallback (unwrapped): android.view.ImeBackAnimationController@c72be86
2026-01-29 16:30:25.178 15154-15154 ImeTracker              com.bongkru.app                      I  com.bongkru.app:e0329b2: onShown
2026-01-29 16:30:28.052 15154-15154 cr_AwContents           com.bongkru.app                      W  WebView.destroy() called while WebView is still attached to window.
2026-01-29 16:30:28.054 15154-15154 ImeTracker              com.bongkru.app                      I  com.bongkru.app:fd954b65: onRequestHide at ORIGIN_CLIENT reason HIDE_SOFT_INPUT fromUser false
2026-01-29 16:30:28.055 15154-15154 InsetsController        com.bongkru.app                      D  hide(ime())
2026-01-29 16:30:28.058 15154-15154 WindowOnBackDispatcher  com.bongkru.app                      D  setTopOnBackInvokedCallback (unwrapped): android.view.ViewRootImpl$$ExternalSyntheticLambda12@5824eea
2026-01-29 16:30:28.058 15154-15154 InsetsController        com.bongkru.app                      D  Setting requestedVisibleTypes to 503 (was 511)
2026-01-29 16:30:28.064 15154-15154 WindowOnBackDispatcher  com.bongkru.app                      D  setTopOnBackInvokedCallback (unwrapped): null
2026-01-29 16:30:28.095 15154-15154 ImeTracker              com.bongkru.app                      I  com.bongkru.app:fd954b65: onCancelled at PHASE_CLIENT_ANIMATION_CANCEL
2026-01-29 16:30:28.116 15154-15154 Capacitor/...wserPlugin com.bongkru.app                      V  Notifying listeners for event closeEvent
2026-01-29 16:30:28.125 15154-15154 Capacitor/Console       com.bongkru.app                      I  File: https://localhost/assets/index-DlhBSCFt.js - Line 11 - Msg: [OAuth] InAppBrowser closed
2026-01-29 16:30:28.134 15154-15154 Capacitor/Console       com.bongkru.app                      I  File: https://localhost/assets/index-DTlRncLp.js - Line 2 - Msg: [SocialLogin] 네이버 결과: [object Object]
2026-01-29 16:30:28.199 15154-15154 Capacitor/Plugin        com.bongkru.app                      V  To native (Capacitor plugin): callbackId: 16668437, pluginId: InAppBrowser, methodName: removeAllListeners
2026-01-29 16:30:28.199 15154-15154 Capacitor               com.bongkru.app                      V  callback: 16668437, pluginId: InAppBrowser, methodName: removeAllListeners, methodData: {}
2026-01-29 16:30:28.232 15154-15154 Capacitor/Console       com.bongkru.app                      I  File:  - Line 333 - Msg: undefined
2026-01-29 16:30:28.233 15154-15154 InsetsController        com.bongkru.app                      D  hide(ime())
2026-01-29 16:30:28.234 15154-15154 ImeTracker              com.bongkru.app                      I  com.bongkru.app:9b921a29: onCancelled at PHASE_CLIENT_ALREADY_HIDDEN
2026-01-29 16:30:28.292 15154-15154 ImeBackCallbackProxy    com.bongkru.app                      W  Ime callback not found. Ignoring unregisterReceivedCallback. callbackId: 40424830 remaining callbacks: 0
2026-01-29 16:30:28.338 15154-15154 ImeTracker              com.bongkru.app                      I  system_server:802a403d: onCancelled at PHASE_CLIENT_ON_CONTROLS_CHANGED
2026-01-29 16:30:28.802 15154-15154 Capacitor/Console       com.bongkru.app                      I  File: https://localhost/assets/index-DTlRncLp.js - Line 2 - Msg: [SocialLogin] 카카오 로그인 버튼 클릭
2026-01-29 16:30:28.802 15154-15154 Capacitor/Console       com.bongkru.app                      I  File: https://localhost/assets/index-DlhBSCFt.js - Line 11 - Msg: [KakaoOAuth] kakaoAuthorize called, isCapacitor: true
2026-01-29 16:30:28.803 15154-15154 Capacitor/Console       com.bongkru.app                      I  File: https://localhost/assets/index-DlhBSCFt.js - Line 11 - Msg: [OAuth] === Starting OAuth with InAppBrowser ===
2026-01-29 16:30:28.803 15154-15154 Capacitor/Console       com.bongkru.app                      I  File: https://localhost/assets/index-DlhBSCFt.js - Line 11 - Msg: [OAuth] provider: kakao
2026-01-29 16:30:28.803 15154-15154 Capacitor/Console       com.bongkru.app                      I  File: https://localhost/assets/index-DlhBSCFt.js - Line 11 - Msg: [OAuth] authUrl: https://bongseonjang--tkfkdgowjdakfas.replit.app/api/auth/start/kakao?platform=app
2026-01-29 16:30:28.805 15154-15154 Capacitor/Plugin        com.bongkru.app                      V  To native (Capacitor plugin): callbackId: 16668438, pluginId: InAppBrowser, methodName: addListener
2026-01-29 16:30:28.805 15154-15154 Capacitor               com.bongkru.app                      V  callback: 16668438, pluginId: InAppBrowser, methodName: addListener, methodData: {"eventName":"urlChangeEvent"}
2026-01-29 16:30:28.806 15154-15154 Capacitor/Plugin        com.bongkru.app                      V  To native (Capacitor plugin): callbackId: 16668439, pluginId: InAppBrowser, methodName: addListener
2026-01-29 16:30:28.806 15154-15154 Capacitor               com.bongkru.app                      V  callback: 16668439, pluginId: InAppBrowser, methodName: addListener, methodData: {"eventName":"closeEvent"}
2026-01-29 16:30:28.806 15154-15154 Capacitor/Plugin        com.bongkru.app                      V  To native (Capacitor plugin): callbackId: 16668440, pluginId: InAppBrowser, methodName: openWebView
2026-01-29 16:30:28.806 15154-15154 Capacitor               com.bongkru.app                      V  callback: 16668440, pluginId: InAppBrowser, methodName: openWebView, methodData: {"url":"https:\/\/bongseonjang--tkfkdgowjdakfas.replit.app\/api\/auth\/start\/kakao?platform=app"}
2026-01-29 16:30:28.807 15154-15213 InAppBrowserPlugin      com.bongkru.app                      D  No authorized app links provided.
2026-01-29 16:30:28.807 15154-15213 InAppBrowserPlugin      com.bongkru.app                      D  No blocked hosts provided.
2026-01-29 16:30:28.857 15154-15154 Capacitor/Console       com.bongkru.app                      I  File:  - Line 333 - Msg: undefined
2026-01-29 16:30:28.858 15154-15154 Capacitor/Console       com.bongkru.app                      I  File: https://localhost/assets/index-DlhBSCFt.js - Line 11 - Msg: [OAuth] InAppBrowser opened
2026-01-29 16:30:28.859 15154-15154 Capacitor/Console       com.bongkru.app                      I  File:  - Line 333 - Msg: undefined
2026-01-29 16:30:28.863 15154-15154 WindowOnBackDispatcher  com.bongkru.app                      D  setTopOnBackInvokedCallback (unwrapped): android.view.ViewRootImpl$$ExternalSyntheticLambda12@f947ee1
2026-01-29 16:30:28.983 15154-15154 InAppBrowser            com.bongkru.app                      D  JavaScript interface injected early after URL load
2026-01-29 16:30:29.024 15154-15154 InsetsController        com.bongkru.app                      D  hide(ime())
2026-01-29 16:30:29.024 15154-15154 ImeTracker              com.bongkru.app                      I  com.bongkru.app:d540cead: onCancelled at PHASE_CLIENT_ALREADY_HIDDEN
2026-01-29 16:30:29.040 15154-15154 InAppBrowser            com.bongkru.app                      D  shouldOverrideUrlLoading: https://kauth.kakao.com/oauth/authorize?client_id=81b4e5f079bb0c995c8f83d897def30f&redirect_uri=https%3A%2F%2Fbongseonjang--tkfkdgowjdakfas.replit.app%2Fapi%2Fauth%2Foauth%2Fkakao%2Fcallback&response_type=code&scope=profile_nickname%2Cprofile_image%2Caccount_email&state=bf08d7d7d21374604a0961c91d73cba4
2026-01-29 16:30:29.040 15154-15154 InAppBrowser            com.bongkru.app                      D  authorizedLinks: []
2026-01-29 16:30:29.040 15154-15154 InAppBrowser            com.bongkru.app                      D  urlAuthorized: false
2026-01-29 16:30:29.102 15154-15154 InAppBrowser            com.bongkru.app                      D  shouldOverrideUrlLoading: https://accounts.kakao.com/login?continue=https%3A%2F%2Fkauth.kakao.com%2Foauth%2Fauthorize%3Fclient_id%3D81b4e5f079bb0c995c8f83d897def30f%26redirect_uri%3Dhttps%253A%252F%252Fbongseonjang--tkfkdgowjdakfas.replit.app%252Fapi%252Fauth%252Foauth%252Fkakao%252Fcallback%26response_type%3Dcode%26scope%3Dprofile_nickname%252Cprofile_image%252Caccount_email%26state%3Dbf08d7d7d21374604a0961c91d73cba4%26through_account%3Dtrue%26auth_tran_id%3DVIZVwzTg59pzYCGAmzM1IZ89IvXvErCeg5UfbbcPCg0UowAAAZwIqUTG
2026-01-29 16:30:29.103 15154-15154 InAppBrowser            com.bongkru.app                      D  authorizedLinks: []
2026-01-29 16:30:29.103 15154-15154 InAppBrowser            com.bongkru.app                      D  urlAuthorized: false
2026-01-29 16:30:29.174 15154-15154 Capacitor/...wserPlugin com.bongkru.app                      V  Notifying listeners for event urlChangeEvent
2026-01-29 16:30:29.187 15154-15154 Capacitor/Console       com.bongkru.app                      I  File: https://localhost/assets/index-DlhBSCFt.js - Line 11 - Msg: [OAuth] URL changed: https://accounts.kakao.com/login?continue=https%3A%2F%2Fkauth.kakao.com%2Foauth%2Fauthorize%3Fclient_id%3D81b4e5f079bb0c995c8f83d897def30f%26redirect_uri%3Dhttps%253A%252F%252Fbongseonjang--tkfkdgowjdakfas.replit.app%252Fapi%252Fauth%252Foauth%252Fkakao%252Fcallback%26response_type%3Dcode%26scope%3Dprofile_nickname%252Cprofile_image%252Caccount_email%26state%3Dbf08d7d7d21374604a0961c91d73cba4%26through_account%3Dtrue%26auth_tran_id%3DVIZVwzTg59pzYCGAmzM1IZ89IvXvErCeg5UfbbcPCg0UowAAAZwIqUTG
2026-01-29 16:30:29.578 15154-15154 Capacitor/...wserPlugin com.bongkru.app                      V  Notifying listeners for event urlChangeEvent
2026-01-29 16:30:29.581 15154-15154 Capacitor/...wserPlugin com.bongkru.app                      V  Notifying listeners for event browserPageLoaded
2026-01-29 16:30:29.581 15154-15154 Capacitor/...wserPlugin com.bongkru.app                      D  No listeners found for event browserPageLoaded
2026-01-29 16:30:29.612 15154-15154 Capacitor/...wserPlugin com.bongkru.app                      V  Notifying listeners for event urlChangeEvent
2026-01-29 16:30:29.630 15154-15154 Capacitor/Console       com.bongkru.app                      I  File: https://localhost/assets/index-DlhBSCFt.js - Line 11 - Msg: [OAuth] URL changed: https://accounts.kakao.com/login?continue=https%3A%2F%2Fkauth.kakao.com%2Foauth%2Fauthorize%3Fclient_id%3D81b4e5f079bb0c995c8f83d897def30f%26redirect_uri%3Dhttps%253A%252F%252Fbongseonjang--tkfkdgowjdakfas.replit.app%252Fapi%252Fauth%252Foauth%252Fkakao%252Fcallback%26response_type%3Dcode%26scope%3Dprofile_nickname%252Cprofile_image%252Caccount_email%26state%3Dbf08d7d7d21374604a0961c91d73cba4%26through_account%3Dtrue%26auth_tran_id%3DVIZVwzTg59pzYCGAmzM1IZ89IvXvErCeg5UfbbcPCg0UowAAAZwIqUTG
2026-01-29 16:30:29.637 15154-15154 Capacitor/Console       com.bongkru.app                      I  File: https://localhost/assets/index-DlhBSCFt.js - Line 11 - Msg: [OAuth] URL changed: https://accounts.kakao.com/login/?continue=https%3A%2F%2Fkauth.kakao.com%2Foauth%2Fauthorize%3Fclient_id%3D81b4e5f079bb0c995c8f83d897def30f%26redirect_uri%3Dhttps%253A%252F%252Fbongseonjang--tkfkdgowjdakfas.replit.app%252Fapi%252Fauth%252Foauth%252Fkakao%252Fcallback%26response_type%3Dcode%26scope%3Dprofile_nickname%252Cprofile_image%252Caccount_email%26state%3Dbf08d7d7d21374604a0961c91d73cba4%26through_account%3Dtrue%26auth_tran_id%3DVIZVwzTg59pzYCGAmzM1IZ89IvXvErCeg5UfbbcPCg0UowAAAZwIqUTG
2026-01-29 16:30:29.682 15154-15154 Capacitor/...wserPlugin com.bongkru.app                      V  Notifying listeners for event urlChangeEvent
2026-01-29 16:30:29.682 15154-15154 Capacitor/...wserPlugin com.bongkru.app                      V  Notifying listeners for event browserPageLoaded
2026-01-29 16:30:29.683 15154-15154 Capacitor/...wserPlugin com.bongkru.app                      D  No listeners found for event browserPageLoaded
2026-01-29 16:30:29.742 15154-15154 Capacitor/Console       com.bongkru.app                      I  File: https://localhost/assets/index-DlhBSCFt.js - Line 11 - Msg: [OAuth] URL changed: https://accounts.kakao.com/login/?continue=https%3A%2F%2Fkauth.kakao.com%2Foauth%2Fauthorize%3Fclient_id%3D81b4e5f079bb0c995c8f83d897def30f%26redirect_uri%3Dhttps%253A%252F%252Fbongseonjang--tkfkdgowjdakfas.replit.app%252Fapi%252Fauth%252Foauth%252Fkakao%252Fcallback%26response_type%3Dcode%26scope%3Dprofile_nickname%252Cprofile_image%252Caccount_email%26state%3Dbf08d7d7d21374604a0961c91d73cba4%26through_account%3Dtrue%26auth_tran_id%3DVIZVwzTg59pzYCGAmzM1IZ89IvXvErCeg5UfbbcPCg0UowAAAZwIqUTG#login
2026-01-29 16:30:29.807 15154-15154 Capacitor/...wserPlugin com.bongkru.app                      V  Notifying listeners for event browserPageLoaded
2026-01-29 16:30:29.807 15154-15154 Capacitor/...wserPlugin com.bongkru.app                      D  No listeners found for event browserPageLoaded
2026-01-29 16:30:30.581 15154-15154 AutofillManager         com.bongkru.app                      I  showAutofillDialog() return false due to improve fill dialog
2026-01-29 16:30:30.588 15154-15154 AssistStructure         com.bongkru.app                      I  Flattened final assist data: 4868 bytes, containing 2 windows, 15 views
2026-01-29 16:30:30.593 15154-15154 ImeTracker              com.bongkru.app                      I  com.bongkru.app:7efc17b0: onRequestShow at ORIGIN_CLIENT reason SHOW_SOFT_INPUT fromUser false
2026-01-29 16:30:30.593 15154-15154 InsetsController        com.bongkru.app                      D  show(ime())
2026-01-29 16:30:30.594 15154-15154 InsetsController        com.bongkru.app                      D  Setting requestedVisibleTypes to 511 (was 503)
2026-01-29 16:30:30.702 15154-15154 WindowOnBackDispatcher  com.bongkru.app                      D  setTopOnBackInvokedCallback (unwrapped): android.view.ImeBackAnimationController@af71b6d
2026-01-29 16:30:31.042 15154-15154 ImeTracker              com.bongkru.app                      I  com.bongkru.app:7efc17b0: onShown
2026-01-29 16:30:38.517 15154-15154 ImeTracker              com.bongkru.app                      I  com.bongkru.app:def1f81: onRequestHide at ORIGIN_CLIENT reason HIDE_SOFT_INPUT fromUser false
2026-01-29 16:30:38.517 15154-15154 InsetsController        com.bongkru.app                      D  hide(ime())
2026-01-29 16:30:38.517 15154-15154 WindowOnBackDispatcher  com.bongkru.app                      D  setTopOnBackInvokedCallback (unwrapped): android.view.ViewRootImpl$$ExternalSyntheticLambda12@f947ee1
2026-01-29 16:30:38.518 15154-15154 InsetsController        com.bongkru.app                      D  Setting requestedVisibleTypes to 503 (was 511)
2026-01-29 16:30:38.549 15154-15154 ImeTracker              com.bongkru.app                      I  system_server:31a4221: onCancelled at PHASE_CLIENT_ON_CONTROLS_CHANGED
2026-01-29 16:30:39.011 15154-15154 ImeTracker              com.bongkru.app                      I  com.bongkru.app:df89cf0d: onRequestShow at ORIGIN_CLIENT reason SHOW_SOFT_INPUT fromUser false
2026-01-29 16:30:39.011 15154-15154 InsetsController        com.bongkru.app                      D  show(ime())
2026-01-29 16:30:39.011 15154-15154 InsetsController        com.bongkru.app                      D  Setting requestedVisibleTypes to 511 (was 503)
2026-01-29 16:30:39.019 15154-15154 AssistStructure         com.bongkru.app                      I  Flattened final assist data: 4888 bytes, containing 2 windows, 15 views
2026-01-29 16:30:39.050 15154-15154 ImeTracker              com.bongkru.app                      I  com.bongkru.app:df89cf0d: onCancelled at PHASE_CLIENT_ON_CONTROLS_CHANGED
2026-01-29 16:30:39.074 15154-15154 WindowOnBackDispatcher  com.bongkru.app                      D  setTopOnBackInvokedCallback (unwrapped): android.view.ImeBackAnimationController@af71b6d
2026-01-29 16:30:39.226 15154-15154 ImeTracker              com.bongkru.app                      I  com.bongkru.app:df89cf0d: onShown
2026-01-29 16:30:42.189 15154-15154 ImeTracker              com.bongkru.app                      I  com.bongkru.app:74d44fb0: onRequestHide at ORIGIN_CLIENT reason HIDE_SOFT_INPUT fromUser false
2026-01-29 16:30:42.190 15154-15154 InsetsController        com.bongkru.app                      D  hide(ime())
2026-01-29 16:30:42.190 15154-15154 WindowOnBackDispatcher  com.bongkru.app                      D  setTopOnBackInvokedCallback (unwrapped): android.view.ViewRootImpl$$ExternalSyntheticLambda12@f947ee1
2026-01-29 16:30:42.190 15154-15154 InsetsController        com.bongkru.app                      D  Setting requestedVisibleTypes to 503 (was 511)
2026-01-29 16:30:42.228 15154-15154 ImeTracker              com.bongkru.app                      I  system_server:98277cd6: onCancelled at PHASE_CLIENT_ON_CONTROLS_CHANGED
2026-01-29 16:30:42.451 15154-15154 InAppBrowser            com.bongkru.app                      D  shouldOverrideUrlLoading: https://kauth.kakao.com/oauth/authorize?client_id=81b4e5f079bb0c995c8f83d897def30f&redirect_uri=https%3A%2F%2Fbongseonjang--tkfkdgowjdakfas.replit.app%2Fapi%2Fauth%2Foauth%2Fkakao%2Fcallback&response_type=code&scope=profile_nickname%2Cprofile_image%2Caccount_email&state=bf08d7d7d21374604a0961c91d73cba4&through_account=true&auth_tran_id=VIZVwzTg59pzYCGAmzM1IZ89IvXvErCeg5UfbbcPCg0UowAAAZwIqUTG
2026-01-29 16:30:42.451 15154-15154 InAppBrowser            com.bongkru.app                      D  authorizedLinks: []
2026-01-29 16:30:42.451 15154-15154 InAppBrowser            com.bongkru.app                      D  urlAuthorized: false
2026-01-29 16:30:42.561 15154-15154 InAppBrowser            com.bongkru.app                      D  shouldOverrideUrlLoading: https://bongseonjang--tkfkdgowjdakfas.replit.app/api/auth/oauth/kakao/callback?code=j-DmR9N64EDxuaQgrHb-aFBh9-JGQMo6j7a8js6rGwGh8sbiovbpxgAAAAQKDRSjAAABnAipeVH7Ewsnpgvovw&state=bf08d7d7d21374604a0961c91d73cba4
2026-01-29 16:30:42.561 15154-15154 InAppBrowser            com.bongkru.app                      D  authorizedLinks: []
2026-01-29 16:30:42.561 15154-15154 InAppBrowser            com.bongkru.app                      D  urlAuthorized: false
2026-01-29 16:30:44.564 15154-15154 InAppBrowser            com.bongkru.app                      D  shouldOverrideUrlLoading: bongseonjang://oauth/kakao/callback?key=7dde299b-cca6-4545-bfb9-b09fdf9a450a
2026-01-29 16:30:44.564 15154-15154 InAppBrowser            com.bongkru.app                      D  authorizedLinks: []
2026-01-29 16:30:44.564 15154-15154 InAppBrowser            com.bongkru.app                      D  urlAuthorized: false
2026-01-29 16:30:44.575 15154-15154 InAppBrowser            com.bongkru.app                      W  No handler for external URL: bongseonjang://oauth/kakao/callback?key=7dde299b-cca6-4545-bfb9-b09fdf9a450a (Ask Gemini)
                                                                                                    android.content.ActivityNotFoundException: No Activity found to handle Intent { act=android.intent.action.VIEW dat=bongseonjang://oauth/... flg=0x10000000 xflg=0x4 }
                                                                                                    	at android.app.Instrumentation.checkStartActivityResult(Instrumentation.java:2453)
                                                                                                    	at android.app.Instrumentation.execStartActivity(Instrumentation.java:2020)
                                                                                                    	at android.app.Activity.startActivityForResult(Activity.java:6058)
                                                                                                    	at androidx.activity.ComponentActivity.startActivityForResult(ComponentActivity.kt:704)
                                                                                                    	at android.app.Activity.startActivityForResult(Activity.java:6015)
                                                                                                    	at androidx.activity.ComponentActivity.startActivityForResult(ComponentActivity.kt:683)
                                                                                                    	at android.app.Activity.startActivity(Activity.java:6518)
                                                                                                    	at android.app.Activity.startActivity(Activity.java:6485)
                                                                                                    	at android.content.ContextWrapper.startActivity(ContextWrapper.java:438)
                                                                                                    	at ee.forgr.capacitor_inappbrowser.WebViewDialog$5.shouldOverrideUrlLoading(WebViewDialog.java:2206)
                                                                                                    	at org.chromium.android_webview.AwContentsClientBridge.shouldOverrideUrlLoading(chromium-TrichromeWebViewGoogle6432.aab-stable-699813538:117)
                                                                                                    	at android.os.MessageQueue.nativePollOnce(Native Method)
                                                                                                    	at android.os.MessageQueue.nextLegacy(MessageQueue.java:983)
                                                                                                    	at android.os.MessageQueue.next(MessageQueue.java:1092)
                                                                                                    	at android.os.Looper.loopOnce(Looper.java:197)
                                                                                                    	at android.os.Looper.loop(Looper.java:367)
                                                                                                    	at android.app.ActivityThread.main(ActivityThread.java:9282)
                                                                                                    	at java.lang.reflect.Method.invoke(Native Method)
                                                                                                    	at com.android.internal.os.RuntimeInit$MethodAndArgsCaller.run(RuntimeInit.java:566)
                                                                                                    	at com.android.internal.os.ZygoteInit.main(ZygoteInit.java:929)
2026-01-29 16:30:44.576 15154-15154 Capacitor/...wserPlugin com.bongkru.app                      V  Notifying listeners for event pageLoadError
2026-01-29 16:30:44.576 15154-15154 Capacitor/...wserPlugin com.bongkru.app                      D  No listeners found for event pageLoadError
2026-01-29 16:30:44.585 15154-15154 Capacitor/...wserPlugin com.bongkru.app                      V  Notifying listeners for event browserPageLoaded
2026-01-29 16:30:44.588 15154-15154 Capacitor/...wserPlugin com.bongkru.app                      D  No listeners found for event browserPageLoaded
